[15:43:34] [INFO] Listo. DanceLabo inicializado con éxito.
[15:43:34] [INFO] Detectando cámaras...
[15:43:35] [INFO] 2 cámaras detectadas.
[15:43:39] [ERROR] ⚠ Error: ¡La cámara o el video no están activados! Activa la cámara antes de grabar.
[15:43:41] [ERROR] ⚠ Error: ¡La cámara o el video no están activados! Activa la cámara antes de grabar.
[15:43:44] [INFO] Usando cámara 0.
[15:43:46] [ERROR] ⚠ Ponle nombre primero!
[15:43:53] [INFO] Grabando 'ad'...
[15:43:53] [INFO] Grabando... (1 frames)
[15:43:53] [INFO] Grabando... (2 frames)
[15:43:53] [INFO] Grabando... (3 frames)
[15:43:53] [INFO] Grabando... (4 frames)
[15:43:53] [INFO] Grabando... (5 frames)
[15:43:53] [INFO] Grabando... (6 frames)
[15:43:53] [INFO] Grabando... (7 frames)
[15:43:53] [INFO] Grabando... (8 frames)
[15:43:53] [INFO] Grabando... (9 frames)
[15:43:53] [INFO] Grabando... (10 frames)
[15:43:53] [INFO] Grabando... (11 frames)
[15:43:53] [INFO] Grabando... (12 frames)
[15:43:54] [INFO] Grabando... (13 frames)
[15:43:54] [INFO] Grabando... (14 frames)
[15:43:54] [INFO] Grabando... (15 frames)
[15:43:54] [INFO] Grabando... (16 frames)
[15:43:54] [INFO] Grabando... (17 frames)
[15:43:54] [INFO] Grabando... (18 frames)
[15:43:54] [INFO] Grabando... (19 frames)
[15:43:54] [INFO] Grabando... (20 frames)
[15:43:54] [INFO] Grabando... (21 frames)
[15:43:54] [INFO] Grabando... (22 frames)
[15:43:54] [INFO] Grabando... (23 frames)
[15:43:54] [INFO] Grabando... (24 frames)
[15:43:54] [INFO] Grabando... (25 frames)
[15:43:54] [INFO] Grabando... (26 frames)
[15:43:54] [INFO] Grabando... (27 frames)
[15:43:55] [INFO] Grabando... (28 frames)
[15:43:55] [INFO] Grabando... (29 frames)
[15:43:55] [INFO] Grabando... (30 frames)
[15:43:55] [INFO] Grabando... (31 frames)
[15:43:55] [INFO] Grabando... (32 frames)
[15:43:55] [INFO] Grabando... (33 frames)
[15:43:55] [INFO] Grabando... (34 frames)
[15:43:55] [INFO] Grabando... (35 frames)
[15:43:55] [INFO] Grabando... (36 frames)
[15:43:55] [INFO] Grabando... (37 frames)
[15:43:55] [INFO] Grabando... (38 frames)
[15:43:55] [INFO] Grabando... (39 frames)
[15:43:55] [INFO] Grabando... (40 frames)
[15:43:56] [INFO] Grabando... (41 frames)
[15:43:56] [INFO] Grabando... (42 frames)
[15:43:56] [INFO] Grabando... (43 frames)
[15:43:56] [INFO] Grabando... (44 frames)
[15:43:56] [INFO] Grabando... (45 frames)
[15:43:56] [INFO] Grabando... (46 frames)
[15:43:56] [INFO] Grabando... (47 frames)
[15:43:56] [INFO] Grabando... (48 frames)
[15:43:56] [INFO] Grabando... (49 frames)
[15:43:56] [INFO] Grabando... (50 frames)
[15:43:56] [INFO] Grabando... (51 frames)
[15:43:56] [INFO] Grabando... (52 frames)
[15:43:56] [INFO] Grabando... (53 frames)
[15:43:56] [INFO] Grabando... (54 frames)
[15:43:56] [INFO] Grabando... (55 frames)
[15:43:57] [INFO] Grabando... (56 frames)
[15:43:57] [INFO] Grabando... (57 frames)
[15:43:57] [INFO] Grabando... (58 frames)
[15:43:57] [INFO] Grabando... (59 frames)
[15:43:57] [INFO] Grabando... (60 frames)
[15:43:57] [INFO] Grabando... (61 frames)
[15:43:57] [INFO] Grabando... (62 frames)
[15:43:57] [INFO] Guardado 'ad' — 62 frames.
[15:44:02] [ERROR] ⚠ Selecciona una secuencia válida para eliminar.
[15:44:09] [INFO] 🗑 Eliminada secuencia 'ad' (1 grabaciones borradas).
[15:44:32] [WARN] Evaluación en vivo detenida.
